// Jest Snapshot v1, https://goo.gl/fbAQLP

exports[`Header component should render Header component 1`] = `
<styled.div>
  <Styled(Link)
    to="/"
  >
    <ForwardRef(SvgCrown)
      className="logo"
    />
  </Styled(Link)>
  <styled.div>
    <OptionLink
      to="/shop"
    >
      SHOP
    </OptionLink>
    <OptionLink
      to="/shop"
    >
      CONTACT
    </OptionLink>
    <OptionLink
      as="div"
      onClick={[MockFunction]}
    >
      SIGN OUT
    </OptionLink>
    <Connect(CartIcon) />
    <styled.span>
      Welcome 
      Anonymous
    </styled.span>
    <styled.div>
      <styled.span />
    </styled.div>
  </styled.div>
</styled.div>
`;
