// Jest Snapshot v1, https://goo.gl/fbAQLP

exports[`should render HomePage component 1`] = `ShallowWrapper {}`;
