// Jest Snapshot v1, https://goo.gl/fbAQLP

exports[`Collection Page should render Collection Component 1`] = `ShallowWrapper {}`;
