// Jest Snapshot v1, https://goo.gl/fbAQLP

exports[`Checkout Page should render Checkout page 1`] = `
<div
  className="checkout-page"
>
  <div
    className="checkout-header"
  >
    <div
      className="header-block"
    >
      <span>
        Product
      </span>
    </div>
    <div
      className="header-block"
    >
      <span>
        Description
      </span>
    </div>
    <div
      className="header-block"
    >
      <span>
        Quantity
      </span>
    </div>
    <div
      className="header-block"
    >
      <span>
        Price
      </span>
    </div>
    <div
      className="header-block"
    >
      <span>
        Remove
      </span>
    </div>
  </div>
  <div />
  <div
    className="total total-not-visible"
  >
    <span>
      TOTAL: $
      100
    </span>
    <StripeButton
      price={100}
    />
  </div>
  <div
    className="test-warning"
  >
    *Please use the following test credit card for payment 
    <br />
    4242-4242-4242-4242 - Exp: 01/20 CVV: 123
  </div>
</div>
`;
