// Jest Snapshot v1, https://goo.gl/fbAQLP

exports[`Error boundary component displays error message when on error generated by child 1`] = `
.c0 {
  height: 60vh;
  width: 100%;
  display: -webkit-box;
  display: -webkit-flex;
  display: -ms-flexbox;
  display: flex;
  -webkit-flex-direction: column;
  -ms-flex-direction: column;
  flex-direction: column;
  -webkit-box-pack: center;
  -webkit-justify-content: center;
  -ms-flex-pack: center;
  justify-content: center;
  -webkit-align-items: center;
  -webkit-box-align: center;
  -ms-flex-align: center;
  align-items: center;
}

.c1 {
  display: inline-block;
  background-image: url(https://i.imgur.com/yW2W9SC.png);
  background-size: cover;
  background-position: center;
  width: 40vh;
  height: 40vh;
}

.c2 {
  font-size: 28px;
  color: #2f8e89;
}

<Error>
  <styled.div>
    <StyledComponent
      forwardedComponent={
        Object {
          "$$typeof": Symbol(react.forward_ref),
          "attrs": Array [],
          "componentStyle": ComponentStyle {
            "componentId": "sc-bdVaJa",
            "isStatic": true,
            "lastClassName": "c0",
            "rules": Array [
              "
  height: 60vh;
  width: 100%;
  display: flex;
  flex-direction: column;
  justify-content: center;
  align-items: center;
",
            ],
          },
          "displayName": "styled.div",
          "foldedComponentIds": Array [],
          "render": [Function],
          "styledComponentId": "sc-bdVaJa",
          "target": "div",
          "toString": [Function],
          "warnTooManyClasses": [Function],
          "withComponent": [Function],
        }
      }
      forwardedRef={null}
    >
      <div
        className="c0"
      >
        <ErrorImageContainer
          imageUrl="https://i.imgur.com/yW2W9SC.png"
        >
          <StyledComponent
            forwardedComponent={
              Object {
                "$$typeof": Symbol(react.forward_ref),
                "attrs": Array [],
                "componentStyle": ComponentStyle {
                  "componentId": "sc-bwzfXH",
                  "isStatic": false,
                  "lastClassName": "c1",
                  "rules": Array [
                    "
  display: inline-block;
  background-image: ",
                    [Function],
                    ";
  background-size: cover;
  background-position: center;
  width: 40vh;
  height: 40vh;
",
                  ],
                },
                "displayName": "ErrorImageContainer",
                "foldedComponentIds": Array [],
                "render": [Function],
                "styledComponentId": "sc-bwzfXH",
                "target": "div",
                "toString": [Function],
                "warnTooManyClasses": [Function],
                "withComponent": [Function],
              }
            }
            forwardedRef={null}
            imageUrl="https://i.imgur.com/yW2W9SC.png"
          >
            <div
              className="c1"
            />
          </StyledComponent>
        </ErrorImageContainer>
        <styled.h2>
          <StyledComponent
            forwardedComponent={
              Object {
                "$$typeof": Symbol(react.forward_ref),
                "attrs": Array [],
                "componentStyle": ComponentStyle {
                  "componentId": "sc-htpNat",
                  "isStatic": true,
                  "lastClassName": "c2",
                  "rules": Array [
                    "
  font-size: 28px;
  color: #2f8e89;
",
                  ],
                },
                "displayName": "styled.h2",
                "foldedComponentIds": Array [],
                "render": [Function],
                "styledComponentId": "sc-htpNat",
                "target": "h2",
                "toString": [Function],
                "warnTooManyClasses": [Function],
                "withComponent": [Function],
              }
            }
            forwardedRef={null}
          >
            <h2
              className="c2"
            >
              Ooops! Something went wrong, this page seems to be broken.
            </h2>
          </StyledComponent>
        </styled.h2>
      </div>
    </StyledComponent>
  </styled.div>
</Error>
`;
