// Jest Snapshot v1, https://goo.gl/fbAQLP

exports[`CartIcon component it should render CartIcon 1`] = `
<CartIconContainer
  onClick={[MockFunction]}
>
  <Styled(Component) />
  <ItemCountContainer>
    -0
  </ItemCountContainer>
</CartIconContainer>
`;
